[INFO] info message
[DEBUG] debug message
[ERROR] error message
[INFO] info message
[DEBUG] debug message
[ERROR] error message
[INFO] info message
[DEBUG] debug message
[ERROR] error message
